-- This file and its contents are licensed under the Timescale License.
-- Please see the included NOTICE for copyright information and
-- LICENSE-TIMESCALE for a copy of the license.
-- qual pushdown tests for decompresschunk ---
-- Test qual pushdown with ints
CREATE TABLE meta (device_id INT PRIMARY KEY);
CREATE TABLE hyper(
    time INT NOT NULL,
    device_id INT REFERENCES meta(device_id) ON DELETE CASCADE ON UPDATE CASCADE,
    val INT);
SELECT * FROM create_hypertable('hyper', 'time', chunk_time_interval => 10);
 hypertable_id | schema_name | table_name | created 
---------------+-------------+------------+---------
             1 | public      | hyper      | t
(1 row)

ALTER TABLE hyper SET (
    timescaledb.compress,
    timescaledb.compress_orderby = 'time',
    timescaledb.compress_segmentby = 'device_id');
INSERT INTO meta VALUES (1), (2), (3), (4), (5);
INSERT INTO hyper VALUES (1, 1, 1), (2, 2, 1), (3, 3, 1), (10, 3, 2), (11, 4, 2), (11, 5, 2);
SELECT ch1.table_name AS "CHUNK_NAME", ch1.schema_name|| '.' || ch1.table_name AS "CHUNK_FULL_NAME"
FROM _timescaledb_catalog.chunk ch1, _timescaledb_catalog.hypertable ht
WHERE ch1.hypertable_id = ht.id AND ht.table_name LIKE 'hyper'
ORDER BY ch1.id LIMIT 1 \gset
SELECT compress_chunk(:'CHUNK_FULL_NAME');
             compress_chunk             
----------------------------------------
 _timescaledb_internal._hyper_1_1_chunk
(1 row)

-- test for qual pushdown
explain (costs off, verbose)
SELECT
FROM hyper
WHERE time > 2::bigint and time < 4;
                                                                                                                                          QUERY PLAN                                                                                                                                          
----------------------------------------------------------------------------------------------------------------------------------------------------------------------------------------------------------------------------------------------------------------------------------------------
 Custom Scan (DecompressChunk) on _timescaledb_internal._hyper_1_1_chunk
   Filter: ((_hyper_1_1_chunk."time" > '2'::bigint) AND (_hyper_1_1_chunk."time" < 4))
   ->  Seq Scan on _timescaledb_internal.compress_hyper_2_2_chunk
         Output: compress_hyper_2_2_chunk."time", compress_hyper_2_2_chunk.device_id, compress_hyper_2_2_chunk.val, compress_hyper_2_2_chunk._ts_meta_count, compress_hyper_2_2_chunk._ts_meta_sequence_num, compress_hyper_2_2_chunk._ts_meta_min_1, compress_hyper_2_2_chunk._ts_meta_max_1
         Filter: ((compress_hyper_2_2_chunk._ts_meta_max_1 > '2'::bigint) AND (compress_hyper_2_2_chunk._ts_meta_min_1 < 4))
(5 rows)

explain (costs off, verbose)
SELECT
FROM hyper
WHERE time = 3::bigint;
                                                                                                                                          QUERY PLAN                                                                                                                                          
----------------------------------------------------------------------------------------------------------------------------------------------------------------------------------------------------------------------------------------------------------------------------------------------
 Custom Scan (DecompressChunk) on _timescaledb_internal._hyper_1_1_chunk
   Filter: (_hyper_1_1_chunk."time" = '3'::bigint)
   ->  Seq Scan on _timescaledb_internal.compress_hyper_2_2_chunk
         Output: compress_hyper_2_2_chunk."time", compress_hyper_2_2_chunk.device_id, compress_hyper_2_2_chunk.val, compress_hyper_2_2_chunk._ts_meta_count, compress_hyper_2_2_chunk._ts_meta_sequence_num, compress_hyper_2_2_chunk._ts_meta_min_1, compress_hyper_2_2_chunk._ts_meta_max_1
         Filter: ((compress_hyper_2_2_chunk._ts_meta_min_1 <= '3'::bigint) AND (compress_hyper_2_2_chunk._ts_meta_max_1 >= '3'::bigint))
(5 rows)

SELECT *
FROM hyper
WHERE time > 2::bigint and time < 4;
 time | device_id | val 
------+-----------+-----
    3 |         3 |   1
(1 row)

SELECT *
FROM hyper
WHERE time = 3::bigint;
 time | device_id | val 
------+-----------+-----
    3 |         3 |   1
(1 row)

--- github issue 1855
--- TESTs for meta column pushdown filters on exprs with casts.
CREATE TABLE metaseg_tab (
fmid smallint,
factorid smallint,
start_dt timestamp without time zone,
end_dt timestamp without time zone,
interval_number smallint,
logret double precision,
knowledge_date date NOT NULL
);
SELECT create_hypertable('metaseg_tab', 'end_dt', chunk_time_interval=>interval '1 month', create_default_indexes=>false);
WARNING:  column type "timestamp without time zone" used for "start_dt" does not follow best practices
WARNING:  column type "timestamp without time zone" used for "end_dt" does not follow best practices
NOTICE:  adding not-null constraint to column "end_dt"
    create_hypertable     
--------------------------
 (3,public,metaseg_tab,t)
(1 row)

SELECT add_dimension('metaseg_tab', 'fmid', chunk_time_interval => 1);
NOTICE:  adding not-null constraint to column "fmid"
         add_dimension         
-------------------------------
 (3,public,metaseg_tab,fmid,t)
(1 row)

ALTER TABLE metaseg_tab SET (timescaledb.compress, timescaledb.compress_orderby= 'end_dt');
INSERT INTO metaseg_tab values (56,0,'2012-12-10 09:45:00','2012-12-10 09:50:00',1,0.1,'2012-12-10');
SELECT compress_chunk(i) from show_chunks('metaseg_tab') i;
             compress_chunk             
----------------------------------------
 _timescaledb_internal._hyper_3_5_chunk
(1 row)

select factorid, end_dt, logret
from metaseg_tab
where fmid = 56
and end_dt between '2012-12-10'::date and '2012-12-11'::date
order by factorid, end_dt;
 factorid |          end_dt          | logret 
----------+--------------------------+--------
        0 | Mon Dec 10 09:50:00 2012 |    0.1
(1 row)

explain (costs off, verbose)
select factorid, end_dt, logret
from metaseg_tab
where fmid = 56
and end_dt between '2012-12-10'::date and '2012-12-11'::date
order by factorid, end_dt;
                                                                                                                                                                                                                        QUERY PLAN                                                                                                                                                                                                                         
-----------------------------------------------------------------------------------------------------------------------------------------------------------------------------------------------------------------------------------------------------------------------------------------------------------------------------------------------------------------------------------------------------------------------------------------------------------
 Sort
   Output: _hyper_3_5_chunk.factorid, _hyper_3_5_chunk.end_dt, _hyper_3_5_chunk.logret
   Sort Key: _hyper_3_5_chunk.factorid, _hyper_3_5_chunk.end_dt
   ->  Custom Scan (DecompressChunk) on _timescaledb_internal._hyper_3_5_chunk
         Output: _hyper_3_5_chunk.factorid, _hyper_3_5_chunk.end_dt, _hyper_3_5_chunk.logret
         Filter: ((_hyper_3_5_chunk.end_dt >= '12-10-2012'::date) AND (_hyper_3_5_chunk.end_dt <= '12-11-2012'::date) AND (_hyper_3_5_chunk.fmid = 56))
         ->  Seq Scan on _timescaledb_internal.compress_hyper_4_6_chunk
               Output: compress_hyper_4_6_chunk.fmid, compress_hyper_4_6_chunk.factorid, compress_hyper_4_6_chunk.start_dt, compress_hyper_4_6_chunk.end_dt, compress_hyper_4_6_chunk.interval_number, compress_hyper_4_6_chunk.logret, compress_hyper_4_6_chunk.knowledge_date, compress_hyper_4_6_chunk._ts_meta_count, compress_hyper_4_6_chunk._ts_meta_sequence_num, compress_hyper_4_6_chunk._ts_meta_min_1, compress_hyper_4_6_chunk._ts_meta_max_1
               Filter: ((compress_hyper_4_6_chunk._ts_meta_max_1 >= '12-10-2012'::date) AND (compress_hyper_4_6_chunk._ts_meta_min_1 <= '12-11-2012'::date))
(9 rows)

--no pushdown here
select factorid, end_dt, logret
from metaseg_tab
where fmid = 56
and end_dt::date between '2012-12-10'::timestamp and '2012-12-11'::date
order by factorid, end_dt;
 factorid |          end_dt          | logret 
----------+--------------------------+--------
        0 | Mon Dec 10 09:50:00 2012 |    0.1
(1 row)

explain (costs off, verbose)
select factorid, end_dt, logret
from metaseg_tab
where fmid = 56
and end_dt::date between '2012-12-10'::timestamp and '2012-12-11'::date
order by factorid, end_dt;
                                                                                                                                                                                                                        QUERY PLAN                                                                                                                                                                                                                         
-----------------------------------------------------------------------------------------------------------------------------------------------------------------------------------------------------------------------------------------------------------------------------------------------------------------------------------------------------------------------------------------------------------------------------------------------------------
 Sort
   Output: _hyper_3_5_chunk.factorid, _hyper_3_5_chunk.end_dt, _hyper_3_5_chunk.logret
   Sort Key: _hyper_3_5_chunk.factorid, _hyper_3_5_chunk.end_dt
   ->  Custom Scan (DecompressChunk) on _timescaledb_internal._hyper_3_5_chunk
         Output: _hyper_3_5_chunk.factorid, _hyper_3_5_chunk.end_dt, _hyper_3_5_chunk.logret
         Filter: ((_hyper_3_5_chunk.fmid = 56) AND ((_hyper_3_5_chunk.end_dt)::date >= 'Mon Dec 10 00:00:00 2012'::timestamp without time zone) AND ((_hyper_3_5_chunk.end_dt)::date <= '12-11-2012'::date))
         ->  Seq Scan on _timescaledb_internal.compress_hyper_4_6_chunk
               Output: compress_hyper_4_6_chunk.fmid, compress_hyper_4_6_chunk.factorid, compress_hyper_4_6_chunk.start_dt, compress_hyper_4_6_chunk.end_dt, compress_hyper_4_6_chunk.interval_number, compress_hyper_4_6_chunk.logret, compress_hyper_4_6_chunk.knowledge_date, compress_hyper_4_6_chunk._ts_meta_count, compress_hyper_4_6_chunk._ts_meta_sequence_num, compress_hyper_4_6_chunk._ts_meta_min_1, compress_hyper_4_6_chunk._ts_meta_max_1
(8 rows)

--should fail
\set ON_ERROR_STOP 0
select factorid, end_dt, logret
from metaseg_tab
where fmid = 56
and end_dt::date = 10;
ERROR:  operator does not exist: date = integer at character 83
select factorid, end_dt, logret
from metaseg_tab
where fmid = 56
and end_dt::date = 'dec 2010'::date;
ERROR:  invalid input syntax for type date: "dec 2010" at character 85
-- test casts between different char types are pushed down
CREATE TABLE pushdown_relabel(time timestamptz NOT NULL, dev_vc varchar(10), dev_c char(10));
SELECT table_name FROM create_hypertable('pushdown_relabel', 'time');
WARNING:  column type "character varying" used for "dev_vc" does not follow best practices
    table_name    
------------------
 pushdown_relabel
(1 row)

ALTER TABLE pushdown_relabel SET (timescaledb.compress, timescaledb.compress_segmentby='dev_vc,dev_c');
INSERT INTO pushdown_relabel SELECT '2000-01-01','varchar','char';
SELECT compress_chunk(i) from show_chunks('pushdown_relabel') i;
             compress_chunk             
----------------------------------------
 _timescaledb_internal._hyper_5_7_chunk
(1 row)

ANALYZE pushdown_relabel;
EXPLAIN (costs off) SELECT * FROM pushdown_relabel WHERE dev_vc = 'varchar';
                     QUERY PLAN                     
----------------------------------------------------
 Custom Scan (DecompressChunk) on _hyper_5_7_chunk
   ->  Seq Scan on compress_hyper_6_8_chunk
         Filter: ((dev_vc)::text = 'varchar'::text)
(3 rows)

EXPLAIN (costs off) SELECT * FROM pushdown_relabel WHERE dev_c = 'char';
                    QUERY PLAN                     
---------------------------------------------------
 Custom Scan (DecompressChunk) on _hyper_5_7_chunk
   ->  Seq Scan on compress_hyper_6_8_chunk
         Filter: (dev_c = 'char'::bpchar)
(3 rows)

EXPLAIN (costs off) SELECT * FROM pushdown_relabel WHERE dev_vc = 'varchar' AND dev_c = 'char';
                                    QUERY PLAN                                     
-----------------------------------------------------------------------------------
 Custom Scan (DecompressChunk) on _hyper_5_7_chunk
   ->  Seq Scan on compress_hyper_6_8_chunk
         Filter: (((dev_vc)::text = 'varchar'::text) AND (dev_c = 'char'::bpchar))
(3 rows)

EXPLAIN (costs off) SELECT * FROM pushdown_relabel WHERE dev_vc = 'varchar'::char(10) AND dev_c = 'char'::varchar;
                                           QUERY PLAN                                            
-------------------------------------------------------------------------------------------------
 Custom Scan (DecompressChunk) on _hyper_5_7_chunk
   ->  Seq Scan on compress_hyper_6_8_chunk
         Filter: (((dev_vc)::bpchar = 'varchar   '::character(10)) AND (dev_c = 'char'::bpchar))
(3 rows)

-- test again with index scans
SET enable_seqscan TO false;
EXPLAIN (costs off) SELECT * FROM pushdown_relabel WHERE dev_vc = 'varchar';
                                                     QUERY PLAN                                                     
--------------------------------------------------------------------------------------------------------------------
 Custom Scan (DecompressChunk) on _hyper_5_7_chunk
   ->  Index Scan using compress_hyper_6_8_chunk__compressed_hypertable_6_dev_vc_dev_c_ on compress_hyper_6_8_chunk
         Index Cond: ((dev_vc)::text = 'varchar'::text)
(3 rows)

EXPLAIN (costs off) SELECT * FROM pushdown_relabel WHERE dev_c = 'char';
                                                     QUERY PLAN                                                     
--------------------------------------------------------------------------------------------------------------------
 Custom Scan (DecompressChunk) on _hyper_5_7_chunk
   ->  Index Scan using compress_hyper_6_8_chunk__compressed_hypertable_6_dev_vc_dev_c_ on compress_hyper_6_8_chunk
         Index Cond: (dev_c = 'char'::bpchar)
(3 rows)

EXPLAIN (costs off) SELECT * FROM pushdown_relabel WHERE dev_vc = 'varchar' AND dev_c = 'char';
                                                     QUERY PLAN                                                     
--------------------------------------------------------------------------------------------------------------------
 Custom Scan (DecompressChunk) on _hyper_5_7_chunk
   ->  Index Scan using compress_hyper_6_8_chunk__compressed_hypertable_6_dev_vc_dev_c_ on compress_hyper_6_8_chunk
         Index Cond: (((dev_vc)::text = 'varchar'::text) AND (dev_c = 'char'::bpchar))
(3 rows)

EXPLAIN (costs off) SELECT * FROM pushdown_relabel WHERE dev_vc = 'varchar'::char(10) AND dev_c = 'char'::varchar;
                                                     QUERY PLAN                                                     
--------------------------------------------------------------------------------------------------------------------
 Custom Scan (DecompressChunk) on _hyper_5_7_chunk
   ->  Index Scan using compress_hyper_6_8_chunk__compressed_hypertable_6_dev_vc_dev_c_ on compress_hyper_6_8_chunk
         Index Cond: (dev_c = 'char'::bpchar)
         Filter: ((dev_vc)::bpchar = 'varchar   '::character(10))
(4 rows)

-- github issue #5286
CREATE TABLE deleteme AS
    SELECT generate_series AS timestamp, 1 AS segment, 0 AS data
        FROM generate_series('2008-03-01 00:00'::timestamp with time zone,
                             '2008-03-04 12:00', '1 second');
SELECT create_hypertable('deleteme', 'timestamp', migrate_data => true);
NOTICE:  adding not-null constraint to column "timestamp"
NOTICE:  migrating data to chunks
   create_hypertable   
-----------------------
 (7,public,deleteme,t)
(1 row)

ALTER TABLE deleteme SET (
  timescaledb.compress,
  timescaledb.compress_segmentby = 'segment'
);
SELECT compress_chunk(i) FROM show_chunks('deleteme') i;
             compress_chunk             
----------------------------------------
 _timescaledb_internal._hyper_7_9_chunk
(1 row)

EXPLAIN (costs off) SELECT sum(data) FROM deleteme WHERE segment::text like '%4%';
                       QUERY PLAN                        
---------------------------------------------------------
 Aggregate
   ->  Custom Scan (DecompressChunk) on _hyper_7_9_chunk
         ->  Seq Scan on compress_hyper_8_10_chunk
               Filter: ((segment)::text ~~ '%4%'::text)
(4 rows)

EXPLAIN (costs off) SELECT sum(data) FROM deleteme WHERE '4' = segment::text;
                       QUERY PLAN                        
---------------------------------------------------------
 Aggregate
   ->  Custom Scan (DecompressChunk) on _hyper_7_9_chunk
         ->  Seq Scan on compress_hyper_8_10_chunk
               Filter: ('4'::text = (segment)::text)
(4 rows)

CREATE TABLE deleteme_with_bytea(time bigint NOT NULL, bdata bytea);
SELECT create_hypertable('deleteme_with_bytea', 'time', chunk_time_interval => 1000000);
        create_hypertable         
----------------------------------
 (9,public,deleteme_with_bytea,t)
(1 row)

INSERT INTO deleteme_with_bytea(time, bdata) VALUES (1001, E'\\x');
INSERT INTO deleteme_with_bytea(time, bdata) VALUES (1001, NULL);
ALTER TABLE deleteme_with_bytea SET (
  timescaledb.compress,
  timescaledb.compress_segmentby = 'bdata'
);
SELECT compress_chunk(i) FROM show_chunks('deleteme_with_bytea') i;
             compress_chunk              
-----------------------------------------
 _timescaledb_internal._hyper_9_11_chunk
(1 row)

EXPLAIN (costs off) SELECT '1' FROM deleteme_with_bytea WHERE bdata = E'\\x';
                                                         QUERY PLAN                                                         
----------------------------------------------------------------------------------------------------------------------------
 Result
   ->  Custom Scan (DecompressChunk) on _hyper_9_11_chunk
         ->  Index Scan using compress_hyper_10_12_chunk__compressed_hypertable_10_bdata__ts_ on compress_hyper_10_12_chunk
               Index Cond: (bdata = '\x'::bytea)
(4 rows)

EXPLAIN (costs off) SELECT '1' FROM deleteme_with_bytea WHERE bdata::text = '123';
                        QUERY PLAN                        
----------------------------------------------------------
 Result
   ->  Custom Scan (DecompressChunk) on _hyper_9_11_chunk
         ->  Seq Scan on compress_hyper_10_12_chunk
               Filter: ((bdata)::text = '123'::text)
(4 rows)

DROP table deleteme;
DROP table deleteme_with_bytea;
