-- This file and its contents are licensed under the Timescale License.
-- Please see the included NOTICE for copyright information and
-- LICENSE-TIMESCALE for a copy of the license.
\ir include/rand_generator.sql
-- This file and its contents are licensed under the Timescale License.
-- Please see the included NOTICE for copyright information and
-- LICENSE-TIMESCALE for a copy of the license.
--------------------------
-- cheap rand generator --
--------------------------
create table rand_minstd_state(i bigint);
create function rand_minstd_advance(bigint) returns bigint
language sql immutable as
$$
	select (16807 * $1) % 2147483647
$$;
create function gen_rand_minstd() returns bigint
language sql security definer as
$$
	update rand_minstd_state set i = rand_minstd_advance(i) returning i
$$;
-- seed the random num generator
insert into rand_minstd_state values (321);
\c :TEST_DBNAME :ROLE_SUPERUSER
\ir include/compression_utils.sql
-- This file and its contents are licensed under the Timescale License.
-- Please see the included NOTICE for copyright information and
-- LICENSE-TIMESCALE for a copy of the license.
\set ECHO errors
\c :TEST_DBNAME :ROLE_DEFAULT_PERM_USER
CREATE TABLE test1 ("Time" timestamptz, i integer, value integer);
SELECT table_name from create_hypertable('test1', 'Time', chunk_time_interval=> INTERVAL '1 hour');
NOTICE:  adding not-null constraint to column "Time"
 table_name 
------------
 test1
(1 row)

-- This will generate 24 chunks
INSERT INTO test1
SELECT t, i, gen_rand_minstd()
FROM generate_series('2018-03-02 1:00'::TIMESTAMPTZ, '2018-03-03 0:59', '1 minute') t
CROSS JOIN generate_series(1, 5, 1) i;
-- Compression is set to merge those 24 chunks into 12 2 hour chunks
ALTER TABLE test1 set (timescaledb.compress, timescaledb.compress_segmentby='i', timescaledb.compress_orderby='"Time"', timescaledb.compress_chunk_time_interval='2 hours');
SELECT
  $$
  SELECT * FROM test1 ORDER BY i, "Time"
  $$ AS "QUERY" \gset
SELECT 'test1' AS "HYPERTABLE_NAME" \gset
\ir include/compression_test_merge.sql
-- This file and its contents are licensed under the Timescale License.
-- Please see the included NOTICE for copyright information and
-- LICENSE-TIMESCALE for a copy of the license.
\set ECHO errors
psql:include/compression_test_merge.sql:7: NOTICE:  table "merge_result" does not exist, skipping
 count_compressed 
------------------
               24
(1 row)

                                     ?column?                                      | count 
-----------------------------------------------------------------------------------+-------
 Number of rows different between original and query on compressed data (expect 0) |     0
(1 row)

 count_decompressed 
--------------------
                 12
(1 row)

                                                   ?column?                                                   | count 
--------------------------------------------------------------------------------------------------------------+-------
 Number of rows different between original and data that has been compressed and then decompressed (expect 0) |     0
(1 row)

\set TYPE timestamptz
\set ORDER_BY_COL_NAME Time
\set SEGMENT_META_COL_MIN _ts_meta_min_1
\set SEGMENT_META_COL_MAX _ts_meta_max_1
\ir include/compression_test_hypertable_segment_meta.sql
-- This file and its contents are licensed under the Timescale License.
-- Please see the included NOTICE for copyright information and
-- LICENSE-TIMESCALE for a copy of the license.
\set ECHO errors
 count_compressed 
------------------
               12
(1 row)

 min_correct | max_correct 
-------------+-------------
 t           | t
(1 row)

DROP TABLE test1;
CREATE TABLE test2 ("Time" timestamptz, i integer, loc integer, value integer);
SELECT table_name from create_hypertable('test2', 'Time', chunk_time_interval=> INTERVAL '1 hour');
NOTICE:  adding not-null constraint to column "Time"
 table_name 
------------
 test2
(1 row)

-- This will generate 24 1 hour chunks.
INSERT INTO test2
SELECT t, i, gen_rand_minstd()
FROM generate_series('2018-03-02 1:00'::TIMESTAMPTZ, '2018-03-03 0:59', '1 minute') t
CROSS JOIN generate_series(1, 5, 1) i;
-- Compression is set to merge those 24 chunks into 3 chunks, two 10 hour chunks and a single 4 hour chunk.
ALTER TABLE test2 set (timescaledb.compress, timescaledb.compress_segmentby='i', timescaledb.compress_orderby='loc,"Time"', timescaledb.compress_chunk_time_interval='10 hours');
SELECT
  $$
  SELECT * FROM test2 ORDER BY i, "Time"
  $$ AS "QUERY" \gset
SELECT 'test2' AS "HYPERTABLE_NAME" \gset
\ir include/compression_test_merge.sql
-- This file and its contents are licensed under the Timescale License.
-- Please see the included NOTICE for copyright information and
-- LICENSE-TIMESCALE for a copy of the license.
\set ECHO errors
 count_compressed 
------------------
               24
(1 row)

                                     ?column?                                      | count 
-----------------------------------------------------------------------------------+-------
 Number of rows different between original and query on compressed data (expect 0) |     0
(1 row)

 count_decompressed 
--------------------
                  3
(1 row)

                                                   ?column?                                                   | count 
--------------------------------------------------------------------------------------------------------------+-------
 Number of rows different between original and data that has been compressed and then decompressed (expect 0) |     0
(1 row)

\set TYPE integer
\set ORDER_BY_COL_NAME loc
\set SEGMENT_META_COL_MIN _ts_meta_min_1
\set SEGMENT_META_COL_MAX _ts_meta_max_1
\ir include/compression_test_hypertable_segment_meta.sql
-- This file and its contents are licensed under the Timescale License.
-- Please see the included NOTICE for copyright information and
-- LICENSE-TIMESCALE for a copy of the license.
\set ECHO errors
 count_compressed 
------------------
                3
(1 row)

 min_correct | max_correct 
-------------+-------------
 t           | t
(1 row)

DROP TABLE test2;
CREATE TABLE test3 ("Time" timestamptz, i integer, loc integer, value integer);
SELECT table_name from create_hypertable('test3', 'Time', chunk_time_interval=> INTERVAL '1 hour');
NOTICE:  adding not-null constraint to column "Time"
 table_name 
------------
 test3
(1 row)

SELECT table_name from  add_dimension('test3', 'i', number_partitions=> 3);
 table_name 
------------
 test3
(1 row)

-- This will generate 25 1 hour chunks with a closed space dimension.
INSERT INTO test3 SELECT t, 1, gen_rand_minstd(), gen_rand_minstd() FROM generate_series('2018-03-02 1:00'::TIMESTAMPTZ, '2018-03-02 12:59', '1 minute') t;
INSERT INTO test3 SELECT t, 2, gen_rand_minstd(), gen_rand_minstd() FROM generate_series('2018-03-02 13:00'::TIMESTAMPTZ, '2018-03-03 0:59', '1 minute') t;
INSERT INTO test3 SELECT t, 3, gen_rand_minstd(), gen_rand_minstd() FROM generate_series('2018-03-02 2:00'::TIMESTAMPTZ, '2018-03-02 2:01', '1 minute') t;
-- Compression is set to merge those 25 chunks into 12 2 hour chunks and a single 1 hour chunks on a different space dimensions.
ALTER TABLE test3 set (timescaledb.compress, timescaledb.compress_orderby='loc,"Time"', timescaledb.compress_chunk_time_interval='2 hours');
SELECT
  $$
  SELECT * FROM test3 WHERE i = 1 ORDER BY "Time"
  $$ AS "QUERY" \gset
SELECT 'test3' AS "HYPERTABLE_NAME" \gset
\ir include/compression_test_merge.sql
-- This file and its contents are licensed under the Timescale License.
-- Please see the included NOTICE for copyright information and
-- LICENSE-TIMESCALE for a copy of the license.
\set ECHO errors
 count_compressed 
------------------
               25
(1 row)

                                     ?column?                                      | count 
-----------------------------------------------------------------------------------+-------
 Number of rows different between original and query on compressed data (expect 0) |     0
(1 row)

 count_decompressed 
--------------------
                 13
(1 row)

                                                   ?column?                                                   | count 
--------------------------------------------------------------------------------------------------------------+-------
 Number of rows different between original and data that has been compressed and then decompressed (expect 0) |     0
(1 row)

\set TYPE integer
\set ORDER_BY_COL_NAME loc
\set SEGMENT_META_COL_MIN _ts_meta_min_1
\set SEGMENT_META_COL_MAX _ts_meta_max_1
\ir include/compression_test_hypertable_segment_meta.sql
-- This file and its contents are licensed under the Timescale License.
-- Please see the included NOTICE for copyright information and
-- LICENSE-TIMESCALE for a copy of the license.
\set ECHO errors
 count_compressed 
------------------
               13
(1 row)

 min_correct | max_correct 
-------------+-------------
 t           | t
(1 row)

DROP TABLE test3;
CREATE TABLE test4 ("Time" timestamptz, i integer, loc integer, value integer);
SELECT table_name from create_hypertable('test4', 'Time', chunk_time_interval=> INTERVAL '1 hour');
NOTICE:  adding not-null constraint to column "Time"
 table_name 
------------
 test4
(1 row)

-- Setting compress_chunk_time_interval to non-multiple of chunk_time_interval should emit a warning.
ALTER TABLE test4 set (timescaledb.compress, timescaledb.compress_orderby='loc,"Time"', timescaledb.compress_chunk_time_interval='90 minutes');
WARNING:  compress chunk interval is not a multiple of chunk interval, you should use a factor of chunk interval to merge as much as possible
DROP TABLE test4;
CREATE TABLE test5 ("Time" timestamptz, i integer, value integer);
SELECT table_name from create_hypertable('test5', 'Time', chunk_time_interval=> INTERVAL '1 hour');
NOTICE:  adding not-null constraint to column "Time"
 table_name 
------------
 test5
(1 row)

-- This will generate 24 chunks. Note that we are forcing everyting into a single segment so we use table scan to when merging chunks.
INSERT INTO test5 SELECT t, 1, gen_rand_minstd() FROM generate_series('2018-03-02 1:00'::TIMESTAMPTZ, '2018-03-03 0:59', '1 minute') t;
-- Compression is set to merge those 24 chunks into 1 24 hour chunk
ALTER TABLE test5 set (timescaledb.compress, timescaledb.compress_segmentby='i', timescaledb.compress_orderby='"Time"', timescaledb.compress_chunk_time_interval='24 hours');
SELECT
  $$
  SELECT * FROM test5 ORDER BY i, "Time"
  $$ AS "QUERY" \gset
SELECT compress_chunk(i) FROM show_chunks('test5') i LIMIT 4;
              compress_chunk              
------------------------------------------
 _timescaledb_internal._hyper_9_102_chunk
 _timescaledb_internal._hyper_9_102_chunk
 _timescaledb_internal._hyper_9_102_chunk
 _timescaledb_internal._hyper_9_102_chunk
(4 rows)

-- Make sure sequence numbers are correctly fetched from index.
SELECT _ts_meta_sequence_num FROM _timescaledb_internal.compress_hyper_10_187_chunk where i = 1;
ERROR:  relation "_timescaledb_internal.compress_hyper_10_187_chunk" does not exist at character 35
